../Core/Src/pageModules/altitudeModule.c:14:13:setDefaultClbcks	4	static
../Core/Src/pageModules/altitudeModule.c:26:6:altiSetup	8	static
../Core/Src/pageModules/altitudeModule.c:33:6:altiMain	104	static
../Core/Src/pageModules/altitudeModule.c:90:6:setRefAltitude	4	static
../Core/Src/pageModules/altitudeModule.c:93:6:clearRefAltitude	4	static
../Core/Src/pageModules/altitudeModule.c:96:6:changeAltiMode	4	static
../Core/Src/pageModules/altitudeModule.c:105:6:increaseAltitude	4	static
../Core/Src/pageModules/altitudeModule.c:112:6:decreaseAltitude	4	static
