../Core/Src/pageModules/localInfo.c:19:6:addDay	8	static
../Core/Src/pageModules/localInfo.c:24:6:remDay	8	static
../Core/Src/pageModules/localInfo.c:29:6:switchLocalView	4	static
../Core/Src/pageModules/localInfo.c:37:13:setDefaultClbcks	4	static
../Core/Src/pageModules/localInfo.c:43:6:localSetup	8	static
../Core/Src/pageModules/localInfo.c:59:7:fractionalYear	24	static
../Core/Src/pageModules/localInfo.c:64:7:equationOfTime	24	static
../Core/Src/pageModules/localInfo.c:68:7:solarDeclination	24	static
../Core/Src/pageModules/localInfo.c:72:7:timeOffset	24	static
../Core/Src/pageModules/localInfo.c:76:7:trueSolarTime	16	static
../Core/Src/pageModules/localInfo.c:80:5:solarEventTime	40	static
../Core/Src/pageModules/localInfo.c:101:6:localMain	296	static
../Core/Src/pageModules/localInfo.c:208:6:drawSunlightGraph	88	static
../Core/Src/pageModules/localInfo.c:235:6:localScreen1	4	static
../Core/Src/pageModules/localInfo.c:239:6:localScreen2	4	static
../Core/Src/pageModules/localInfo.c:243:6:localScreen3	4	static
