../Core/Src/pageModules/localInfo.c:25:6:addDay	8	static
../Core/Src/pageModules/localInfo.c:30:6:remDay	8	static
../Core/Src/pageModules/localInfo.c:35:6:switchLocalView	4	static
../Core/Src/pageModules/localInfo.c:43:13:setDefaultClbcks	4	static
../Core/Src/pageModules/localInfo.c:49:6:localSetup	8	static
../Core/Src/pageModules/localInfo.c:65:7:fractionalYear	24	static
../Core/Src/pageModules/localInfo.c:70:7:equationOfTime	24	static
../Core/Src/pageModules/localInfo.c:74:7:solarDeclination	24	static
../Core/Src/pageModules/localInfo.c:78:7:timeOffset	24	static
../Core/Src/pageModules/localInfo.c:82:7:trueSolarTime	16	static
../Core/Src/pageModules/localInfo.c:86:5:solarEventTime	40	static
../Core/Src/pageModules/localInfo.c:111:6:calcSolarAngles	80	static
../Core/Src/pageModules/localInfo.c:133:6:localMain	312	static
../Core/Src/pageModules/localInfo.c:307:6:drawSunlightGraph	152	static
../Core/Src/pageModules/localInfo.c:350:6:localScreen1	4	static
../Core/Src/pageModules/localInfo.c:354:6:localScreen2	4	static
../Core/Src/pageModules/localInfo.c:358:6:localScreen3	4	static
