../Core/Src/pageModules/screenTest.c:13:6:quickPressH	8	static
../Core/Src/pageModules/screenTest.c:16:6:quickReleaseH	8	static
../Core/Src/pageModules/screenTest.c:19:6:shortPressH	8	static
../Core/Src/pageModules/screenTest.c:22:6:longPressH	8	static
../Core/Src/pageModules/screenTest.c:25:6:doublePressH	8	static
../Core/Src/pageModules/screenTest.c:28:6:triplePressH	8	static
../Core/Src/pageModules/screenTest.c:32:6:prevPage	4	static
../Core/Src/pageModules/screenTest.c:39:6:nextPage	4	static
../Core/Src/pageModules/screenTest.c:47:13:setDefaultClbcks	4	static
../Core/Src/pageModules/screenTest.c:60:6:showPage1	80	static
../Core/Src/pageModules/screenTest.c:76:6:showPage2	40	static
../Core/Src/pageModules/screenTest.c:85:6:showPage3	40	static
../Core/Src/pageModules/screenTest.c:94:6:showPage4	40	static
../Core/Src/pageModules/screenTest.c:103:6:showPage5	40	static
../Core/Src/pageModules/screenTest.c:119:6:showPage6	24	static
../Core/Src/pageModules/screenTest.c:150:6:showPage	16	static
../Core/Src/pageModules/screenTest.c:173:6:screentestSetup	8	static
../Core/Src/pageModules/screenTest.c:177:6:screentestMain	40	static
