../Core/Src/pageModules/settingsModule.c:22:6:prevPage	4	static
../Core/Src/pageModules/settingsModule.c:29:6:nextPage	4	static
../Core/Src/pageModules/settingsModule.c:37:6:showPage1	80	static
../Core/Src/pageModules/settingsModule.c:50:6:showPage2	40	static
../Core/Src/pageModules/settingsModule.c:59:6:showPage3	40	static
../Core/Src/pageModules/settingsModule.c:68:6:showPage4	40	static
../Core/Src/pageModules/settingsModule.c:77:6:showPage5	40	static
../Core/Src/pageModules/settingsModule.c:93:6:showPage6	24	static
../Core/Src/pageModules/settingsModule.c:124:6:showPage	16	static
../Core/Src/pageModules/settingsModule.c:147:13:setDefaultClbcks	4	static
../Core/Src/pageModules/settingsModule.c:157:6:settingsSetup	8	static
../Core/Src/pageModules/settingsModule.c:161:6:settingsMain	40	static
