../Core/Src/pageModules/settingsModule.c:19:6:addOne	4	static
../Core/Src/pageModules/settingsModule.c:39:6:enterMenu	16	static
../Core/Src/pageModules/settingsModule.c:43:6:incMenuPosition	4	static
../Core/Src/pageModules/settingsModule.c:51:6:decMenuPosition	4	static
../Core/Src/pageModules/settingsModule.c:60:13:setDefaultClbcks	4	static
../Core/Src/pageModules/settingsModule.c:68:6:drawMenuItem	72	static
../Core/Src/pageModules/settingsModule.c:76:6:drawMenu	48	static
../Core/Src/pageModules/settingsModule.c:92:6:settingsSetup	8	static
../Core/Src/pageModules/settingsModule.c:97:6:settingsMain	40	static
