../Core/Src/pageModules/stopwatchModule.c:33:6:startStopwatch	8	static
../Core/Src/pageModules/stopwatchModule.c:38:6:stopStopwatch	8	static
../Core/Src/pageModules/stopwatchModule.c:43:6:resetStopwatch	8	static
../Core/Src/pageModules/stopwatchModule.c:47:6:saveStopwatch	8	static
../Core/Src/pageModules/stopwatchModule.c:51:13:setDefaultClbcks	4	static
../Core/Src/pageModules/stopwatchModule.c:68:20:convertTicks	24	static
../Core/Src/pageModules/stopwatchModule.c:78:10:stwString	24	static
../Core/Src/pageModules/stopwatchModule.c:82:6:updateStopwatch	4	static
../Core/Src/pageModules/stopwatchModule.c:89:6:stwSetup	8	static
../Core/Src/pageModules/stopwatchModule.c:95:6:stwMain	80	static
