../Core/Src/pageModules/stopwatchModule.c:26:6:switchStwView	4	static
../Core/Src/pageModules/stopwatchModule.c:35:6:startStopwatch	8	static
../Core/Src/pageModules/stopwatchModule.c:40:6:stopStopwatch	8	static
../Core/Src/pageModules/stopwatchModule.c:45:6:resetStopwatch	8	static
../Core/Src/pageModules/stopwatchModule.c:49:6:saveStopwatch	8	static
../Core/Src/pageModules/stopwatchModule.c:53:13:setDefaultClbcks	4	static
../Core/Src/pageModules/stopwatchModule.c:73:6:stwSetup	8	static
../Core/Src/pageModules/stopwatchModule.c:80:6:stwMain	80	static
