../Core/Src/pageModules/timeModule.c:34:6:startStopwatch	8	static
../Core/Src/pageModules/timeModule.c:39:6:stopStopwatch	8	static
../Core/Src/pageModules/timeModule.c:44:6:resetStopwatch	8	static
../Core/Src/pageModules/timeModule.c:48:6:saveStopwatch	8	static
../Core/Src/pageModules/timeModule.c:52:13:setDefaultClbcks	4	static
../Core/Src/pageModules/timeModule.c:68:6:timeDescription	4	static
../Core/Src/pageModules/timeModule.c:86:20:convertTicks	24	static
../Core/Src/pageModules/timeModule.c:95:10:stwString	56	static
../Core/Src/pageModules/timeModule.c:100:6:updateStopwatch	4	static
../Core/Src/pageModules/timeModule.c:107:6:timeSetup	8	static
../Core/Src/pageModules/timeModule.c:113:6:timeMain	96	static
