../Core/Src/pageModules/submodules/dateInputScreen.c:21:13:setDefaultClbcks	4	static
../Core/Src/pageModules/submodules/dateInputScreen.c:39:6:dateInputSetup	8	static
../Core/Src/pageModules/submodules/dateInputScreen.c:46:6:dateInputMain	48	static
../Core/Src/pageModules/submodules/dateInputScreen.c:55:13:cursorNext	4	static
../Core/Src/pageModules/submodules/dateInputScreen.c:59:13:cursorPrev	4	static
../Core/Src/pageModules/submodules/dateInputScreen.c:63:13:increment	4	static
../Core/Src/pageModules/submodules/dateInputScreen.c:86:13:decrement	8	static
../Core/Src/pageModules/submodules/dateInputScreen.c:114:13:exit	8	static
../Core/Src/pageModules/submodules/dateInputScreen.c:117:13:accept	8	static
