../Core/Src/pageModules/submodules/timeInputScreen.c:19:13:setDefaultClbcks	4	static
../Core/Src/pageModules/submodules/timeInputScreen.c:37:6:timeInputSetup	8	static
../Core/Src/pageModules/submodules/timeInputScreen.c:44:6:timeInputMain	40	static
../Core/Src/pageModules/submodules/timeInputScreen.c:57:13:cursorNext	4	static
../Core/Src/pageModules/submodules/timeInputScreen.c:61:13:cursorPrev	4	static
../Core/Src/pageModules/submodules/timeInputScreen.c:65:13:increment	4	static
../Core/Src/pageModules/submodules/timeInputScreen.c:88:13:decrement	8	static
../Core/Src/pageModules/submodules/timeInputScreen.c:116:13:exit	8	static
../Core/Src/pageModules/submodules/timeInputScreen.c:119:13:accept	8	static
