../Core/Src/gui.c:59:6:mainMenuSetup	8	static
../Core/Src/gui.c:62:6:showMainMenu	152	static
../Core/Src/gui.c:86:6:showGraphicalMainMenu	104	static
../Core/Src/gui.c:130:6:prevPos	4	static
../Core/Src/gui.c:138:6:nextScreen	4	static
../Core/Src/gui.c:144:6:nextPos	4	static
../Core/Src/gui.c:151:6:resetPos	4	static
../Core/Src/gui.c:155:6:select	8	static
../Core/Src/gui.c:162:6:returnToMenu	8	static
../Core/Src/gui.c:173:6:nextFont	4	static
../Core/Src/gui.c:182:6:setMenuClbs	4	static
../Core/Src/gui.c:193:6:showMenu	8	static
