../Core/Src/gui.c:56:6:tickTimAAB	8	static
../Core/Src/gui.c:59:6:showScrollbar	48	static
../Core/Src/gui.c:76:6:disableScrollbar	4	static
../Core/Src/gui.c:79:6:enableScrollbar	8	static
../Core/Src/gui.c:86:6:prevPos	8	static
../Core/Src/gui.c:95:6:nextPos	8	static
../Core/Src/gui.c:104:6:nextScreen	8	static
../Core/Src/gui.c:108:6:prevScreen	8	static
../Core/Src/gui.c:112:6:resetPos	8	static
../Core/Src/gui.c:117:6:guiApplyView	16	static
../Core/Src/gui.c:123:6:applySelectedScreen	8	static
../Core/Src/gui.c:130:6:selectScreen	8	static
../Core/Src/gui.c:138:6:returnToMenu	8	static
../Core/Src/gui.c:150:6:showGui	8	static
