lcd.c:24:6:lcdClear	8	static
lcd.c:29:9:reverse_uint8	24	static
lcd.c:45:6:lcdTest	16	static
lcd.c:86:6:lcdClearBuffer	16	static
lcd.c:101:6:updateSetting	16	static
lcd.c:105:6:lcdPutPix	24	static
lcd.c:123:6:lcdPutChar	24	static
lcd.c:139:6:lcdPutStr	40	static
lcd.c:156:6:lcdHLine	32	static
lcd.c:195:6:lcdRefresh	16	static
lcd.c:246:25:__reverse8bit	24	static,ignoring_inline_asm
lcd.c:264:6:SMLCD_InitGPIO	4	static
lcd.c:281:6:SMLCD_Init	8	static
lcd.c:290:6:SMLCD_Clear	8	static
lcd.c:310:6:SMLCD_Flush	16	static
lcd.c:460:6:SMLCD_Orientation	16	static
lcd.c:473:6:LCD_Clear	12	static
lcd.c:494:6:LCD_Pixel	12	static
lcd.c:592:13:LCD_VLineInt	24	static
lcd.c:629:13:LCD_HLineInt	24	static
lcd.c:747:6:LCD_HLine	24	static
lcd.c:779:6:LCD_VLine	24	static
lcd.c:811:6:LCD_Rect	24	static
lcd.c:829:6:LCD_FillRect	40	static
lcd.c:954:6:LCD_Line	40	static
lcd.c:1007:6:LCD_Circle	48	static
lcd.c:1062:6:LCD_Ellipse	72	static
lcd.c:1124:9:LCD_PutChar	40	static
lcd.c:1243:10:LCD_PutStr	32	static
lcd.c:1261:10:LCD_PutStrLF	32	static
lcd.c:1287:9:LCD_PutInt	48	static
lcd.c:1320:9:LCD_PutIntU	48	static
lcd.c:1344:9:LCD_PutIntF	56	static
lcd.c:1396:9:LCD_PutIntLZ	48	static
lcd.c:1438:9:LCD_PutHex	48	static
lcd.c:1469:6:LCD_DrawBitmap	32	static
lcd.c:1507:6:LCD_Invert	32	static
lcd.c:1526:6:LCD_InvertFull	12	static
