lcd.c:24:6:lcdClear	8	static
lcd.c:29:9:reverse_uint8	24	static
lcd.c:45:6:lcdTest	16	static
lcd.c:85:6:lcdClearBuffer	16	static
lcd.c:93:6:lcdPutPix	24	static
lcd.c:111:6:lcdPutChar	24	static
lcd.c:135:6:lcdPutStr	40	static
lcd.c:388:6:lcdShowBmp	24	static
lcd.c:398:6:lcdHLine	16	static
lcd.c:402:6:lcdRefresh	16	static
lcd.c:450:25:__reverse8bit	24	static,ignoring_inline_asm
lcd.c:468:6:SMLCD_InitGPIO	4	static
lcd.c:485:6:SMLCD_Init	8	static
lcd.c:494:6:SMLCD_Clear	8	static
lcd.c:514:6:SMLCD_Flush	16	static
lcd.c:664:6:SMLCD_Orientation	16	static
lcd.c:677:6:LCD_Clear	12	static
lcd.c:698:6:LCD_Pixel	12	static
lcd.c:796:13:LCD_VLineInt	24	static
lcd.c:833:13:LCD_HLineInt	24	static
lcd.c:951:6:LCD_HLine	24	static
lcd.c:983:6:LCD_VLine	24	static
lcd.c:1015:6:LCD_Rect	24	static
lcd.c:1033:6:LCD_FillRect	40	static
lcd.c:1158:6:LCD_Line	40	static
lcd.c:1211:6:LCD_Circle	48	static
lcd.c:1266:6:LCD_Ellipse	72	static
lcd.c:1328:9:LCD_PutChar	40	static
lcd.c:1447:10:LCD_PutStr	32	static
lcd.c:1465:10:LCD_PutStrLF	32	static
lcd.c:1491:9:LCD_PutInt	48	static
lcd.c:1524:9:LCD_PutIntU	48	static
lcd.c:1548:9:LCD_PutIntF	56	static
lcd.c:1600:9:LCD_PutIntLZ	48	static
lcd.c:1642:9:LCD_PutHex	48	static
lcd.c:1673:6:LCD_DrawBitmap	32	static
lcd.c:1711:6:LCD_Invert	32	static
lcd.c:1730:6:LCD_InvertFull	12	static
