lcd.c:24:6:lcdClear	8	static
lcd.c:29:9:reverse_uint8	24	static
lcd.c:45:6:lcdTest	16	static
lcd.c:86:6:lcdClearBuffer	16	static
lcd.c:101:6:updateSetting	16	static
lcd.c:105:6:lcdPutPix	24	static
lcd.c:145:6:lcdPutChar	32	static
lcd.c:169:6:lcdPutStr	40	static
lcd.c:186:6:lcdHLine	32	static
lcd.c:225:6:lcdRefresh	16	static
lcd.c:276:25:__reverse8bit	24	static,ignoring_inline_asm
lcd.c:294:6:SMLCD_InitGPIO	4	static
lcd.c:311:6:SMLCD_Init	8	static
lcd.c:320:6:SMLCD_Clear	8	static
lcd.c:340:6:SMLCD_Flush	16	static
lcd.c:490:6:SMLCD_Orientation	16	static
lcd.c:503:6:LCD_Clear	12	static
lcd.c:524:6:LCD_Pixel	12	static
lcd.c:622:13:LCD_VLineInt	24	static
lcd.c:659:13:LCD_HLineInt	24	static
lcd.c:777:6:LCD_HLine	24	static
lcd.c:809:6:LCD_VLine	24	static
lcd.c:841:6:LCD_Rect	24	static
lcd.c:859:6:LCD_FillRect	40	static
lcd.c:984:6:LCD_Line	40	static
lcd.c:1037:6:LCD_Circle	48	static
lcd.c:1092:6:LCD_Ellipse	72	static
lcd.c:1154:9:LCD_PutChar	40	static
lcd.c:1273:10:LCD_PutStr	32	static
lcd.c:1291:10:LCD_PutStrLF	32	static
lcd.c:1317:9:LCD_PutInt	48	static
lcd.c:1350:9:LCD_PutIntU	48	static
lcd.c:1374:9:LCD_PutIntF	56	static
lcd.c:1426:9:LCD_PutIntLZ	48	static
lcd.c:1468:9:LCD_PutHex	48	static
lcd.c:1499:6:LCD_DrawBitmap	32	static
lcd.c:1537:6:LCD_Invert	32	static
lcd.c:1556:6:LCD_InvertFull	12	static
