lcd.c:24:6:lcdClear	8	static
lcd.c:29:9:reverse_uint8	24	static
lcd.c:45:6:lcdTest	16	static
lcd.c:86:6:lcdClearBuffer	16	static
lcd.c:101:6:updateSetting	16	static
lcd.c:105:6:lcdPutPix	24	static
lcd.c:123:6:lcdPutChar	32	static
lcd.c:156:6:lcdPutStr	40	static
lcd.c:173:6:lcdHLine	32	static
lcd.c:212:6:lcdRefresh	16	static
lcd.c:263:25:__reverse8bit	24	static,ignoring_inline_asm
lcd.c:281:6:SMLCD_InitGPIO	4	static
lcd.c:298:6:SMLCD_Init	8	static
lcd.c:307:6:SMLCD_Clear	8	static
lcd.c:327:6:SMLCD_Flush	16	static
lcd.c:477:6:SMLCD_Orientation	16	static
lcd.c:490:6:LCD_Clear	12	static
lcd.c:511:6:LCD_Pixel	12	static
lcd.c:609:13:LCD_VLineInt	24	static
lcd.c:646:13:LCD_HLineInt	24	static
lcd.c:764:6:LCD_HLine	24	static
lcd.c:796:6:LCD_VLine	24	static
lcd.c:828:6:LCD_Rect	24	static
lcd.c:846:6:LCD_FillRect	40	static
lcd.c:971:6:LCD_Line	40	static
lcd.c:1024:6:LCD_Circle	48	static
lcd.c:1079:6:LCD_Ellipse	72	static
lcd.c:1141:9:LCD_PutChar	40	static
lcd.c:1260:10:LCD_PutStr	32	static
lcd.c:1278:10:LCD_PutStrLF	32	static
lcd.c:1304:9:LCD_PutInt	48	static
lcd.c:1337:9:LCD_PutIntU	48	static
lcd.c:1361:9:LCD_PutIntF	56	static
lcd.c:1413:9:LCD_PutIntLZ	48	static
lcd.c:1455:9:LCD_PutHex	48	static
lcd.c:1486:6:LCD_DrawBitmap	32	static
lcd.c:1524:6:LCD_Invert	32	static
lcd.c:1543:6:LCD_InvertFull	12	static
