../Core/Src/lcd.c:17:6:lcdClear	8	static
../Core/Src/lcd.c:22:9:reverse_uint8	24	static
../Core/Src/lcd.c:38:6:lcdTest	96	static
../Core/Src/lcd.c:87:6:lcdClearBuffer	16	static
../Core/Src/lcd.c:102:6:updateSetting	16	static
../Core/Src/lcd.c:106:6:lcdPutPix	24	static
../Core/Src/lcd.c:124:6:lcdPutChar	32	static
../Core/Src/lcd.c:155:6:lcdPutIcon	40	static
../Core/Src/lcd.c:181:6:lcdPutStr	40	static
../Core/Src/lcd.c:201:6:lcdHLine	32	static
../Core/Src/lcd.c:240:6:lcdRefresh	16	static
../Core/Src/lcd.c:291:25:__reverse8bit	24	static,ignoring_inline_asm
../Core/Src/lcd.c:309:6:SMLCD_InitGPIO	4	static
../Core/Src/lcd.c:326:6:SMLCD_Init	8	static
../Core/Src/lcd.c:335:6:SMLCD_Clear	8	static
../Core/Src/lcd.c:355:6:SMLCD_Flush	16	static
../Core/Src/lcd.c:505:6:SMLCD_Orientation	16	static
../Core/Src/lcd.c:518:6:LCD_Clear	12	static
../Core/Src/lcd.c:539:6:LCD_Pixel	12	static
../Core/Src/lcd.c:637:13:LCD_VLineInt	24	static
../Core/Src/lcd.c:674:13:LCD_HLineInt	24	static
../Core/Src/lcd.c:792:6:LCD_HLine	24	static
../Core/Src/lcd.c:824:6:LCD_VLine	24	static
../Core/Src/lcd.c:856:6:LCD_Rect	24	static
../Core/Src/lcd.c:874:6:LCD_FillRect	40	static
../Core/Src/lcd.c:999:6:LCD_Line	40	static
../Core/Src/lcd.c:1052:6:LCD_Circle	48	static
../Core/Src/lcd.c:1107:6:LCD_Ellipse	72	static
../Core/Src/lcd.c:1169:9:LCD_PutChar	40	static
../Core/Src/lcd.c:1288:10:LCD_PutStr	32	static
../Core/Src/lcd.c:1306:10:LCD_PutStrLF	32	static
../Core/Src/lcd.c:1332:9:LCD_PutInt	48	static
../Core/Src/lcd.c:1365:9:LCD_PutIntU	48	static
../Core/Src/lcd.c:1389:9:LCD_PutIntF	56	static
../Core/Src/lcd.c:1441:9:LCD_PutIntLZ	48	static
../Core/Src/lcd.c:1483:9:LCD_PutHex	48	static
../Core/Src/lcd.c:1514:6:LCD_DrawBitmap	32	static
../Core/Src/lcd.c:1552:6:LCD_Invert	32	static
../Core/Src/lcd.c:1571:6:LCD_InvertFull	12	static
