../Core/Src/lcd.c:17:6:lcdClear	8	static
../Core/Src/lcd.c:22:9:reverse_uint8	24	static
../Core/Src/lcd.c:38:6:lcdTest	96	static
../Core/Src/lcd.c:87:6:lcdClearBuffer	16	static
../Core/Src/lcd.c:102:6:updateSetting	16	static
../Core/Src/lcd.c:106:6:lcdPutPix	24	static
../Core/Src/lcd.c:146:6:lcdPutChar	32	static
../Core/Src/lcd.c:177:6:lcdPutIcon	40	static
../Core/Src/lcd.c:203:6:lcdPutStr	40	static
../Core/Src/lcd.c:223:6:lcdHLine	32	static
../Core/Src/lcd.c:262:6:lcdRefresh	16	static
../Core/Src/lcd.c:313:25:__reverse8bit	24	static,ignoring_inline_asm
../Core/Src/lcd.c:331:6:SMLCD_InitGPIO	4	static
../Core/Src/lcd.c:348:6:SMLCD_Init	8	static
../Core/Src/lcd.c:357:6:SMLCD_Clear	8	static
../Core/Src/lcd.c:377:6:SMLCD_Flush	16	static
../Core/Src/lcd.c:527:6:SMLCD_Orientation	16	static
../Core/Src/lcd.c:540:6:LCD_Clear	12	static
../Core/Src/lcd.c:561:6:LCD_Pixel	12	static
../Core/Src/lcd.c:659:13:LCD_VLineInt	24	static
../Core/Src/lcd.c:696:13:LCD_HLineInt	24	static
../Core/Src/lcd.c:814:6:LCD_HLine	24	static
../Core/Src/lcd.c:846:6:LCD_VLine	24	static
../Core/Src/lcd.c:878:6:LCD_Rect	24	static
../Core/Src/lcd.c:896:6:LCD_FillRect	40	static
../Core/Src/lcd.c:1021:6:LCD_Line	40	static
../Core/Src/lcd.c:1074:6:LCD_Circle	48	static
../Core/Src/lcd.c:1129:6:LCD_Ellipse	72	static
../Core/Src/lcd.c:1191:9:LCD_PutChar	40	static
../Core/Src/lcd.c:1310:10:LCD_PutStr	32	static
../Core/Src/lcd.c:1328:10:LCD_PutStrLF	32	static
../Core/Src/lcd.c:1354:9:LCD_PutInt	48	static
../Core/Src/lcd.c:1387:9:LCD_PutIntU	48	static
../Core/Src/lcd.c:1411:9:LCD_PutIntF	56	static
../Core/Src/lcd.c:1463:9:LCD_PutIntLZ	48	static
../Core/Src/lcd.c:1505:9:LCD_PutHex	48	static
../Core/Src/lcd.c:1536:6:LCD_DrawBitmap	32	static
../Core/Src/lcd.c:1574:6:LCD_Invert	32	static
../Core/Src/lcd.c:1593:6:LCD_InvertFull	12	static
