lcd.c:24:6:lcdClear	8	static
lcd.c:29:9:reverse_uint8	24	static
lcd.c:45:6:lcdTest	16	static
lcd.c:85:6:lcdClearBuffer	16	static
lcd.c:92:6:lcdClearBufferLinear	16	static
lcd.c:105:6:lcdPutPix	24	static
lcd.c:123:6:lcdPutChar	24	static
lcd.c:147:6:lcdPutStr	40	static
lcd.c:164:6:lcdHLine	32	static
lcd.c:203:6:lcdRefreshLinear	16	static
lcd.c:213:6:lcdRefresh	16	static
lcd.c:261:25:__reverse8bit	24	static,ignoring_inline_asm
lcd.c:279:6:SMLCD_InitGPIO	4	static
lcd.c:296:6:SMLCD_Init	8	static
lcd.c:305:6:SMLCD_Clear	8	static
lcd.c:325:6:SMLCD_Flush	16	static
lcd.c:475:6:SMLCD_Orientation	16	static
lcd.c:488:6:LCD_Clear	12	static
lcd.c:509:6:LCD_Pixel	12	static
lcd.c:607:13:LCD_VLineInt	24	static
lcd.c:644:13:LCD_HLineInt	24	static
lcd.c:762:6:LCD_HLine	24	static
lcd.c:794:6:LCD_VLine	24	static
lcd.c:826:6:LCD_Rect	24	static
lcd.c:844:6:LCD_FillRect	40	static
lcd.c:969:6:LCD_Line	40	static
lcd.c:1022:6:LCD_Circle	48	static
lcd.c:1077:6:LCD_Ellipse	72	static
lcd.c:1139:9:LCD_PutChar	40	static
lcd.c:1258:10:LCD_PutStr	32	static
lcd.c:1276:10:LCD_PutStrLF	32	static
lcd.c:1302:9:LCD_PutInt	48	static
lcd.c:1335:9:LCD_PutIntU	48	static
lcd.c:1359:9:LCD_PutIntF	56	static
lcd.c:1411:9:LCD_PutIntLZ	48	static
lcd.c:1453:9:LCD_PutHex	48	static
lcd.c:1484:6:LCD_DrawBitmap	32	static
lcd.c:1522:6:LCD_Invert	32	static
lcd.c:1541:6:LCD_InvertFull	12	static
