../Drivers/CMSIS/Include/core_cm4.h:2064:26:ITM_SendChar	16	static,ignoring_inline_asm
../Core/Src/main.c:68:6:increment	4	static
../Core/Src/main.c:71:6:resetCnt	4	static
../Core/Src/main.c:74:6:decrement	4	static
../Core/Src/main.c:81:5:__io_putchar	16	static
../Core/Src/main.c:91:5:main	696	static
../Core/Src/main.c:191:6:SystemClock_Config	88	static
../Core/Src/main.c:234:6:HAL_TIM_PeriodElapsedCallback	16	static
../Core/Src/main.c:250:6:HAL_UART_RxCpltCallback	16	static
../Core/Src/main.c:271:6:Error_Handler	8	static,ignoring_inline_asm
