../Drivers/CMSIS/Include/core_cm4.h:2064:26:ITM_SendChar	16	static,ignoring_inline_asm
../Core/Src/main.c:95:5:__io_putchar	16	static
../Core/Src/main.c:105:6:setTimeout	16	static
../Core/Src/main.c:117:6:showAlert	24	static
../Core/Src/main.c:121:6:hideAlert	4	static
../Core/Src/main.c:131:5:main	744	static
../Core/Src/main.c:247:6:SystemClock_Config	88	static
../Core/Src/main.c:291:6:HAL_TIM_PeriodElapsedCallback	24	static
../Core/Src/main.c:345:6:HAL_UART_RxCpltCallback	16	static
../Core/Src/main.c:356:6:Error_Handler	8	static,ignoring_inline_asm
